Gate area 1.2000 um^2
Level 0 Module MCU                                      Gates=    383348 Cells=   29761 Area=  460018.3 um^2
Level 1 Module adddec0                                  Gates=2733       Cells=680      Area=    3279.6 um^2
Level 1 Module afe0                                     Gates=3649       Cells=1025     Area=    4379.6 um^2
Level 1 Module core                                     Gates=50372      Cells=14953    Area=   60446.8 um^2
Level 2 Module core/csr_unit_inst                       Gates=2290       Cells=477      Area=    2748.4 um^2
Level 2 Module core/datapath_inst                       Gates=38186      Cells=11222    Area=   45823.6 um^2
Level 2 Module core/irq_handler_inst                    Gates=3799       Cells=1372     Area=    4559.2 um^2
Level 1 Module dco0                                     Gates=1800       Cells=0        Area=    2160.7 um^2
Level 1 Module dco1                                     Gates=1800       Cells=0        Area=    2160.7 um^2
Level 1 Module gpio0                                    Gates=1253       Cells=359      Area=    1504.4 um^2
Level 1 Module gpio1                                    Gates=1227       Cells=350      Area=    1472.4 um^2
Level 1 Module gpio2                                    Gates=1215       Cells=346      Area=    1458.4 um^2
Level 1 Module gpio3                                    Gates=1248       Cells=349      Area=    1498.4 um^2
Level 1 Module i2c0                                     Gates=1768       Cells=493      Area=    2122.4 um^2
Level 1 Module i2c1                                     Gates=1751       Cells=486      Area=    2101.2 um^2
Level 1 Module npu0                                     Gates=11650      Cells=3216     Area=   13980.0 um^2
Level 2 Module npu0/NPU_FPMAC                           Gates=5959       Cells=1679     Area=    7151.2 um^2
Level 2 Module npu0/NPU_FPSIGMOID                       Gates=3319       Cells=979      Area=    3982.8 um^2
Level 1 Module saradc0                                  Gates=1111       Cells=302      Area=    1333.6 um^2
Level 1 Module spi0                                     Gates=5300       Cells=1372     Area=    6360.4 um^2
Level 1 Module spi1                                     Gates=4181       Cells=1084     Area=    5018.0 um^2
Level 1 Module system0                                  Gates=5095       Cells=1188     Area=    6114.4 um^2
Level 1 Module timer0                                   Gates=4652       Cells=1076     Area=    5582.8 um^2
Level 1 Module timer1                                   Gates=4658       Cells=1073     Area=    5590.4 um^2
Level 1 Module uart0                                    Gates=1613       Cells=387      Area=    1936.4 um^2
Level 1 Module uart1                                    Gates=1624       Cells=384      Area=    1949.2 um^2
Level 1 Module ram0                                     Gates=113984     Cells=0        Area=  136781.3 um^2
Level 1 Module ram1                                     Gates=113984     Cells=0        Area=  136781.3 um^2
Level 1 Module rom0                                     Gates=42399      Cells=0        Area=   50879.2 um^2
