Gate area 1.2000 um^2
Level 0 Module MCU                                      Gates=    384482 Cells=   29835 Area=  461378.7 um^2
Level 1 Module adddec0                                  Gates=3057       Cells=713      Area=    3669.2 um^2
Level 1 Module afe0                                     Gates=3638       Cells=997      Area=    4366.0 um^2
Level 1 Module core                                     Gates=51081      Cells=15030    Area=   61298.0 um^2
Level 2 Module core/csr_unit_inst                       Gates=2289       Cells=478      Area=    2747.6 um^2
Level 2 Module core/datapath_inst                       Gates=38574      Cells=11306    Area=   46289.2 um^2
Level 2 Module core/irq_handler_inst                    Gates=3805       Cells=1377     Area=    4566.8 um^2
Level 1 Module dco0                                     Gates=1800       Cells=0        Area=    2160.7 um^2
Level 1 Module dco1                                     Gates=1800       Cells=0        Area=    2160.7 um^2
Level 1 Module gpio0                                    Gates=1255       Cells=355      Area=    1506.8 um^2
Level 1 Module gpio1                                    Gates=1223       Cells=346      Area=    1468.0 um^2
Level 1 Module gpio2                                    Gates=1210       Cells=342      Area=    1452.4 um^2
Level 1 Module gpio3                                    Gates=1258       Cells=351      Area=    1509.6 um^2
Level 1 Module i2c0                                     Gates=1765       Cells=490      Area=    2118.8 um^2
Level 1 Module i2c1                                     Gates=1763       Cells=485      Area=    2116.4 um^2
Level 1 Module npu0                                     Gates=11726      Cells=3242     Area=   14071.2 um^2
Level 2 Module npu0/NPU_FPMAC                           Gates=5958       Cells=1677     Area=    7149.6 um^2
Level 2 Module npu0/NPU_FPSIGMOID                       Gates=3341       Cells=997      Area=    4009.2 um^2
Level 1 Module saradc0                                  Gates=1123       Cells=304      Area=    1348.0 um^2
Level 1 Module spi0                                     Gates=5318       Cells=1376     Area=    6381.6 um^2
Level 1 Module spi1                                     Gates=4179       Cells=1080     Area=    5015.6 um^2
Level 1 Module system0                                  Gates=5102       Cells=1189     Area=    6122.8 um^2
Level 1 Module timer0                                   Gates=4663       Cells=1074     Area=    5596.0 um^2
Level 1 Module timer1                                   Gates=4662       Cells=1071     Area=    5594.8 um^2
Level 1 Module uart0                                    Gates=1615       Cells=384      Area=    1938.4 um^2
Level 1 Module uart1                                    Gates=1615       Cells=382      Area=    1938.8 um^2
Level 1 Module ram0                                     Gates=113984     Cells=0        Area=  136781.3 um^2
Level 1 Module ram1                                     Gates=113984     Cells=0        Area=  136781.3 um^2
Level 1 Module rom0                                     Gates=42399      Cells=0        Area=   50879.2 um^2
