Gate area 1.2000 um^2
Level 0 Module MCU                                      Gates=    384700 Cells=   29845 Area=  461640.7 um^2
Level 1 Module adddec0                                  Gates=3049       Cells=728      Area=    3659.2 um^2
Level 1 Module afe0                                     Gates=3452       Cells=941      Area=    4143.2 um^2
Level 1 Module core                                     Gates=51415      Cells=15020    Area=   61698.0 um^2
Level 2 Module core/csr_unit_inst                       Gates=2292       Cells=479      Area=    2750.4 um^2
Level 2 Module core/datapath_inst                       Gates=38956      Cells=11306    Area=   46747.6 um^2
Level 2 Module core/irq_handler_inst                    Gates=3793       Cells=1366     Area=    4551.6 um^2
Level 1 Module dco0                                     Gates=1800       Cells=0        Area=    2160.7 um^2
Level 1 Module dco1                                     Gates=1800       Cells=0        Area=    2160.7 um^2
Level 1 Module gpio0                                    Gates=1254       Cells=357      Area=    1505.2 um^2
Level 1 Module gpio1                                    Gates=1231       Cells=350      Area=    1477.2 um^2
Level 1 Module gpio2                                    Gates=1218       Cells=344      Area=    1462.4 um^2
Level 1 Module gpio3                                    Gates=1232       Cells=352      Area=    1478.4 um^2
Level 1 Module i2c0                                     Gates=1755       Cells=491      Area=    2106.8 um^2
Level 1 Module i2c1                                     Gates=1753       Cells=485      Area=    2104.4 um^2
Level 1 Module npu0                                     Gates=11663      Cells=3231     Area=   13996.4 um^2
Level 2 Module npu0/NPU_FPMAC                           Gates=5954       Cells=1674     Area=    7145.6 um^2
Level 2 Module npu0/NPU_FPSIGMOID                       Gates=3335       Cells=991      Area=    4002.0 um^2
Level 1 Module saradc0                                  Gates=1115       Cells=303      Area=    1338.8 um^2
Level 1 Module spi0                                     Gates=5342       Cells=1366     Area=    6410.8 um^2
Level 1 Module spi1                                     Gates=4172       Cells=1082     Area=    5007.2 um^2
Level 1 Module system0                                  Gates=5101       Cells=1194     Area=    6121.6 um^2
Level 1 Module timer0                                   Gates=4659       Cells=1075     Area=    5590.8 um^2
Level 1 Module timer1                                   Gates=4656       Cells=1075     Area=    5588.0 um^2
Level 1 Module uart0                                    Gates=1617       Cells=388      Area=    1940.8 um^2
Level 1 Module uart1                                    Gates=1620       Cells=391      Area=    1944.8 um^2
Level 1 Module ram0                                     Gates=113984     Cells=0        Area=  136781.3 um^2
Level 1 Module ram1                                     Gates=113984     Cells=0        Area=  136781.3 um^2
Level 1 Module rom0                                     Gates=42399      Cells=0        Area=   50879.2 um^2
