-------------------------------------------------------------------------------
Name     : Shielded net name
Length   : Shielded net length
Shield   : Total length of shielding wire
Ratio    : Average shielding ratio
-------------------------------------------------------------------------------
Name          Length    Shield    Ratio   
                                         Layer:      Length     Shield  Ratio
-------------------------------------------------------------------------------
adddec0/FE_USKN7812_clk_neg:   preferred: M3 - M4
                 0.4       0.0    0.000
                                             M1:        0.4        0.0  0.000
adddec0/FE_USKN7803_clk_neg:   preferred: M3 - M4
                 0.4       0.0    0.000
                                             M1:        0.4        0.0  0.000
adddec0/FE_USKN7811_clk_neg:   preferred: M3 - M4
                 0.4       0.0    0.000
                                             M1:        0.4        0.0  0.000
adddec0/FE_USKN7808_CTS_2:   preferred: M3 - M4
                 0.4       0.0    0.000
                                             M1:        0.4        0.0  0.000
i2c0/CTS_2:   preferred: M3 - M4
                 0.6       0.0    0.000
                                             M1:        0.6        0.0  0.000
afe0/n_310:   preferred: M3 - M4
                 0.8       0.0    0.000
                                             M1:        0.8        0.0  0.000
uart1/CTS_4:   preferred: M3 - M4
                 0.8       0.0    0.000
                                             M1:        0.8        0.0  0.000
adddec0/FE_USKN7807_CTS_2:   preferred: M3 - M4
                 0.8       0.0    0.000
                                             M1:        0.8        0.0  0.000
uart1/CTS_2:   preferred: M3 - M4
                 1.0       0.0    0.000
                                             M1:        1.0        0.0  0.000
afe0/n_305:   preferred: M3 - M4
                 1.0       0.0    0.000
                                             M1:        1.0        0.0  0.000
uart0/CTS_4:   preferred: M3 - M4
                 1.0       0.0    0.000
                                             M1:        1.0        0.0  0.000
uart1/CTS_6:   preferred: M3 - M4
                 2.3       0.0    0.000
                                             M2:        0.5        0.0  0.000
                                             M3:        1.8        0.0  0.000
i2c1/CTS_2:   preferred: M3 - M4
                 2.6       0.0    0.000
                                             M1:        1.0        0.0  0.000
                                             M2:        1.6        0.0  0.000
afe0/n_309:   preferred: M3 - M4
                 2.8       0.0    0.000
                                             M2:        0.2        0.0  0.000
                                             M3:        2.6        0.0  0.000
gpio3/n_148:   preferred: M3 - M4
                13.6       4.0    0.146
                                             M1:        2.4        4.0  0.827
                                             M3:        4.2        0.0  0.000
                                             M4:        5.8        0.0  0.000
                                             M5:        1.2        0.0  0.000
saradc0/FE_USKN7806_n_431_BAR:   preferred: M3 - M4
                 7.6       2.9    0.188
                                             M2:        0.8        0.1  0.031
                                             M3:        3.4        0.6  0.081
                                             M4:        0.2        0.2  0.500
                                             M5:        0.6        0.4  0.333
                                             M6:        2.6        1.7  0.317
adddec0/CTS_2:   preferred: M3 - M4
                 4.0       1.8    0.229
                                             M2:        0.2        0.0  0.000
                                             M3:        3.8        1.8  0.241
spi0/CTS_10:   preferred: M3 - M4
                 2.0       1.0    0.250
                                             M1:        0.4        0.0  0.000
                                             M2:        0.4        0.0  0.000
                                             M3:        1.2        1.0  0.417
uart0/CTS_6:   preferred: M3 - M4
                 2.8       1.4    0.250
                                             M1:        0.4        0.0  0.000
                                             M2:        0.4        0.4  0.500
                                             M3:        2.0        1.0  0.250
afe0/n_507:   preferred: M3 - M4
                 2.8       1.4    0.250
                                             M2:        1.6        0.9  0.281
                                             M3:        1.2        0.5  0.208
gpio3/n_145:   preferred: M3 - M4
                 5.1       2.6    0.259
                                             M2:        0.3        0.0  0.000
                                             M3:        4.8        2.6  0.276
afe0/n_503:   preferred: M3 - M4
                 3.6       1.9    0.264
                                             M2:        3.6        1.9  0.264
npu0/CTS_2:   preferred: M3 - M4
                 1.8       1.0    0.278
                                             M2:        0.2        0.2  0.500
                                             M3:        0.8        0.0  0.000
                                             M4:        0.8        0.8  0.500
afe0/n_306:   preferred: M3 - M4
                 2.0       1.4    0.350
                                             M3:        2.0        1.4  0.350
afe0/n_303:   preferred: M3 - M4
                11.6       8.4    0.361
                                             M2:        3.4        0.8  0.125
                                             M3:        2.8        2.4  0.421
                                             M4:        5.4        5.2  0.478
afe0/n_307:   preferred: M3 - M4
                 1.0       0.8    0.400
                                             M3:        1.0        0.8  0.400
timer1/CTS_4:   preferred: M3 - M4
                 2.0       1.6    0.400
                                             M3:        2.0        1.6  0.400
i2c0/CGMaster/n_88:   preferred: M3 - M4
                10.2       8.2    0.402
                                             M2:        1.0        1.0  0.500
                                             M3:        3.0        1.0  0.167
                                             M4:        6.2        6.2  0.500
uart0/CTS_2:   preferred: M3 - M4
                 1.6       1.3    0.403
                                             M1:        1.6        1.3  0.403
timer1/CTS_2:   preferred: M3 - M4
                 1.6       1.3    0.403
                                             M1:        1.6        1.3  0.403
CTS_11:   preferred: M3 - M4
                 1.6       1.3    0.403
                                             M1:        1.6        1.3  0.403
spi0/CTS_4:   preferred: M3 - M4
                 4.6       3.9    0.418
                                             M1:        0.4        0.0  0.000
                                             M2:        1.0        0.8  0.400
                                             M3:        2.2        2.0  0.466
                                             M4:        1.0        1.0  0.500
system0/CTS_2:   preferred: M3 - M4
                 3.5       3.2    0.454
                                             M2:        3.5        3.2  0.454
dtp1_out:   preferred: M3 - M4
                 3.3       3.1    0.471
                                             M2:        0.1        0.0  0.000
                                             M3:        1.2        0.8  0.354
                                             M4:        2.0        2.2  0.562
i2c1/CGMaster/n_118:   preferred: M3 - M4
                 7.2       6.9    0.482
                                             M2:        1.0        0.2  0.125
                                             M3:        5.2        5.7  0.547
                                             M4:        1.0        1.0  0.500
adddec0/FE_USKN7809_CTS_1:   preferred: M3 - M4
                 1.2       1.2    0.500
                                             M3:        1.2        1.2  0.500
uart1/baud_clk_src:   preferred: M3 - M4
                 6.3       6.3    0.500
                                             M2:        0.5        0.5  0.500
                                             M3:        2.6        2.6  0.500
                                             M4:        3.2        3.2  0.500
adddec0/FE_USKN7810_CTS_1:   preferred: M3 - M4
                11.6      11.7    0.502
                                             M2:        0.8        0.0  0.000
                                             M3:        2.0        0.0  0.000
                                             M4:        0.6        0.4  0.333
                                             M5:        8.2       11.2  0.686
system0/CTS_5:   preferred: M3 - M4
                 5.4       5.4    0.503
                                             M2:        1.0        1.0  0.475
                                             M3:        4.4        4.5  0.509
i2c0/CGMaster/n_118:   preferred: M3 - M4
                 6.4       6.6    0.516
                                             M1:        0.4        0.0  0.000
                                             M3:        2.8        2.2  0.386
                                             M4:        3.2        4.4  0.695
CTS_6:   preferred: M3 - M4
                 4.6       4.8    0.516
                                             M1:        0.8        0.4  0.250
                                             M2:        0.4        0.0  0.000
                                             M3:        3.4        4.4  0.640
CTS_24:   preferred: M3 - M4
                30.4      34.1    0.560
                                             M2:        0.5        0.0  0.000
                                             M3:        0.5        0.0  0.000
                                             M4:        0.8        0.8  0.469
                                             M5:       15.0       12.3  0.412
                                             M6:       13.6       21.0  0.772
dtp0_out:   preferred: M3 - M4
                12.6      14.7    0.581
                                             M2:        0.2        0.0  0.000
                                             M4:        1.0        2.0  1.000
                                             M5:        9.0       10.2  0.569
                                             M6:        2.4        2.4  0.500
afe0/n_511:   preferred: M3 - M4
                 1.5       1.8    0.583
                                             M2:        0.3        0.6  0.903
                                             M3:        1.2        1.2  0.500
CTS_7:   preferred: M3 - M4
                17.2      20.4    0.592
                                             M1:        0.4        0.0  0.000
                                             M2:        0.8        0.8  0.500
                                             M3:        6.2        9.1  0.730
                                             M4:        9.8       10.5  0.536
i2c0/CGMaster/CTS_4:   preferred: M3 - M4
                42.4      50.5    0.595
                                             M1:        0.4        0.0  0.000
                                             M2:        0.6        0.6  0.500
                                             M3:       13.8       16.7  0.606
                                             M4:       19.8       25.4  0.640
                                             M5:        7.8        7.8  0.500
npu0/CTS_4:   preferred: M3 - M4
                 5.2       6.2    0.596
                                             M1:        0.4        0.0  0.000
                                             M2:        0.2        0.0  0.000
                                             M3:        2.8        4.4  0.786
                                             M4:        1.8        1.8  0.500
saradc0/CTS_2:   preferred: M3 - M4
                 3.8       4.6    0.605
                                             M1:        0.4        0.0  0.000
                                             M2:        0.4        0.1  0.188
                                             M3:        0.6        0.4  0.333
                                             M4:        2.4        4.0  0.844
i2c0/CGMaster/Clk:   preferred: M3 - M4
                14.2      17.2    0.606
                                             M1:        0.4        0.0  0.000
                                             M3:        7.2        5.0  0.347
                                             M4:        6.6       12.2  0.925
spi1/CTS_8:   preferred: M3 - M4
                 4.1       5.0    0.610
                                             M2:        0.2        0.0  0.000
                                             M3:        0.5        0.4  0.400
                                             M4:        3.4        4.6  0.676
timer0/clk_mux/ClkGated[1]:   preferred: M3 - M4
                 4.0       5.0    0.625
                                             M2:        1.2        0.2  0.083
                                             M3:        2.8        4.8  0.857
i2c0/CGMaster/CTS_2:   preferred: M3 - M4
                50.4      65.2    0.647
                                             M1:        0.4        0.0  0.000
                                             M2:        0.4        0.0  0.000
                                             M3:        7.8       11.7  0.747
                                             M4:       30.6       36.0  0.587
                                             M5:       11.2       17.7  0.788
clk_periph[11]:   preferred: M3 - M4
                17.4      22.6    0.650
                                             M1:        0.4        0.0  0.000
                                             M2:        1.0        0.0  0.000
                                             M3:       10.6       14.8  0.698
                                             M4:        5.4        7.8  0.723
spi1/sck_slave:   preferred: M3 - M4
                 7.0       9.2    0.661
                                             M2:        1.0        0.0  0.000
                                             M3:        5.4        8.2  0.764
                                             M4:        0.6        1.0  0.833
CTS_28:   preferred: M3 - M4
                16.1      21.4    0.664
                                             M2:        0.9        0.0  0.000
                                             M3:       13.2       17.7  0.669
                                             M4:        2.0        3.8  0.940
afe0/CTS_2:   preferred: M3 - M4
                 8.8      11.7    0.664
                                             M1:        0.4        0.0  0.000
                                             M2:        1.8        1.8  0.512
                                             M3:        6.6        9.8  0.746
uart1/CTS_8:   preferred: M3 - M4
                 3.4       4.5    0.669
                                             M1:        0.6        0.0  0.000
                                             M2:        1.8        3.2  0.903
                                             M3:        1.0        1.3  0.650
CTS_33:   preferred: M3 - M4
                 4.0       5.4    0.680
                                             M2:        0.4        0.0  0.056
                                             M3:        3.6        5.4  0.749
CTS_30:   preferred: M3 - M4
                 8.6      12.0    0.698
                                             M1:        0.6        0.0  0.000
                                             M2:        0.4        0.0  0.000
                                             M3:        2.8        2.4  0.437
                                             M4:        4.8        9.6  0.996
system0/CTS_4:   preferred: M3 - M4
                 2.0       2.8    0.708
                                             M1:        2.0        2.8  0.708
spi0/CTS_8:   preferred: M3 - M4
                 2.0       2.8    0.708
                                             M1:        2.0        2.8  0.708
spi1/clk_baud_src:   preferred: M3 - M4
                 9.0      12.8    0.711
                                             M1:        0.4        0.0  0.000
                                             M3:        6.6        9.4  0.712
                                             M4:        2.0        3.4  0.850
timer1/clock_source:   preferred: M3 - M4
                11.4      16.6    0.726
                                             M2:        2.0        0.4  0.100
                                             M3:        0.6        1.2  1.000
                                             M4:        5.8        9.0  0.772
                                             M5:        3.0        6.0  1.000
uart0/clk_tx:   preferred: M3 - M4
                18.0      26.2    0.729
                                             M1:        0.4        0.0  0.000
                                             M3:        9.6       10.2  0.534
                                             M4:        8.0       16.0  1.000
uart1/CTS_12:   preferred: M3 - M4
                21.6      31.7    0.733
                                             M2:        0.2        0.2  0.500
                                             M3:       18.2       28.3  0.777
                                             M4:        3.2        3.2  0.500
timer1/n_125:   preferred: M3 - M4
                15.2      22.5    0.741
                                             M2:        0.8        0.0  0.000
                                             M3:        6.6        7.0  0.528
                                             M4:        7.8       15.6  0.997
afe0/n_311:   preferred: M3 - M4
                 9.1      13.6    0.747
                                             M3:        3.7        5.4  0.730
                                             M4:        5.4        8.2  0.759
CTS_27:   preferred: M3 - M4
                14.4      21.6    0.748
                                             M1:        0.4        0.0  0.000
                                             M2:        0.2        0.0  0.000
                                             M3:        3.8        3.3  0.434
                                             M4:        2.4        3.1  0.635
                                             M5:        7.6       15.2  1.000
CTS_16:   preferred: M3 - M4
                47.8      71.8    0.751
                                             M2:        0.3        0.0  0.000
                                             M3:        0.7        0.0  0.000
                                             M4:        0.4        0.4  0.500
                                             M5:       46.4       71.4  0.769
uart0/clk_baud:   preferred: M3 - M4
                 9.0      13.5    0.752
                                             M2:        0.4        0.8  0.938
                                             M3:        3.6        4.0  0.556
                                             M4:        5.0        8.8  0.878
dtp2_out:   preferred: M3 - M4
                 4.2       6.4    0.753
                                             M2:        0.1        0.0  0.000
                                             M3:        2.5        3.2  0.640
                                             M4:        1.6        3.2  1.000
spi0/clk_baud_src:   preferred: M3 - M4
                10.4      15.7    0.754
                                             M1:        0.4        0.0  0.000
                                             M2:        0.6        0.5  0.375
                                             M3:        4.0        4.4  0.554
                                             M4:        5.4       10.8  1.000
CTS_13:   preferred: M3 - M4
                14.6      22.2    0.762
                                             M2:        0.8        1.2  0.778
                                             M3:        1.0        0.2  0.100
                                             M4:       12.8       20.8  0.812
timer0/CTS_4:   preferred: M3 - M4
                 3.8       5.8    0.763
                                             M1:        0.6        0.0  0.000
                                             M2:        0.2        0.4  1.000
                                             M3:        3.0        5.4  0.900
spi0/ClkFlash:   preferred: M3 - M4
                40.2      61.6    0.766
                                             M3:       28.6       44.5  0.778
                                             M4:       11.6       17.1  0.737
saradc0/FE_USKN7805_n_431_BAR:   preferred: M3 - M4
                 4.0       6.2    0.769
                                             M3:        4.0        6.2  0.769
CTS_9:   preferred: M3 - M4
                 5.4       8.4    0.778
                                             M1:        0.4        0.0  0.000
                                             M2:        0.2        0.0  0.000
                                             M3:        1.2        1.8  0.750
                                             M4:        3.6        6.6  0.917
dtp3_out:   preferred: M3 - M4
                13.2      20.6    0.780
                                             M2:        0.2        0.0  0.000
                                             M3:        3.6        6.5  0.896
                                             M4:        9.4       14.1  0.752
afe0/n_308:   preferred: M3 - M4
                12.4      19.4    0.781
                                             M2:        0.6        0.6  0.500
                                             M3:        1.0        0.0  0.000
                                             M4:       10.8       18.8  0.869
spi1/CTS_4:   preferred: M3 - M4
                 9.0      14.2    0.789
                                             M1:        0.6        0.0  0.000
                                             M2:        0.8        0.8  0.500
                                             M3:        0.6        0.2  0.167
                                             M4:        7.0       13.2  0.943
clk_periph[10]:   preferred: M3 - M4
                91.6     144.9    0.791
                                             M1:        0.4        0.0  0.000
                                             M2:        0.4        0.0  0.000
                                             M3:       32.0       45.0  0.703
                                             M4:       26.0       46.6  0.897
                                             M5:       32.8       53.2  0.812
spi0/CTS_6:   preferred: M3 - M4
                 2.8       4.4    0.791
                                             M1:        2.8        4.4  0.791
uart1/CTS_10:   preferred: M3 - M4
                35.1      55.7    0.794
                                             M2:        0.4        0.0  0.000
                                             M3:       26.1       38.5  0.738
                                             M4:        8.6       17.2  1.000
afe0/n_499:   preferred: M3 - M4
                 5.8       9.2    0.797
                                             M1:        0.4        0.0  0.000
                                             M2:        0.2        0.0  0.000
                                             M3:        5.2        9.2  0.889
i2c0/CGMaster/CTS_3:   preferred: M3 - M4
                65.4     105.1    0.803
                                             M1:        0.6        0.0  0.000
                                             M2:        0.2        0.0  0.000
                                             M3:        6.2        9.4  0.755
                                             M4:       58.4       95.7  0.819
uart0/CTS_8:   preferred: M3 - M4
                 7.0      11.3    0.810
                                             M3:        2.6        3.7  0.709
                                             M4:        4.4        7.7  0.869
timer0/n_137:   preferred: M3 - M4
                 9.0      14.7    0.816
                                             M2:        1.0        0.0  0.000
                                             M3:        8.0       14.7  0.918
uart0/RC_CG_HIER_INST292/CTS_1:   preferred: M3 - M4
                46.0      75.3    0.818
                                             M2:        0.6        0.4  0.300
                                             M3:       30.4       46.7  0.768
                                             M4:       15.0       28.2  0.941
clk_periph[0]:   preferred: M3 - M4
                67.4     110.6    0.821
                                             M2:        0.2        0.4  0.875
                                             M3:       40.0       56.2  0.702
                                             M4:       14.2       28.1  0.989
                                             M5:       13.0       26.0  1.000
CTS_20:   preferred: M3 - M4
                36.0      60.0    0.834
                                             M1:        0.4        0.0  0.000
                                             M2:        0.2        0.2  0.500
                                             M3:        7.0       10.3  0.738
                                             M4:       16.0       25.9  0.808
                                             M5:       12.4       23.7  0.954
saradc0/n_431_BAR:   preferred: M3 - M4
                 6.8      11.4    0.834
                                             M2:        0.2        0.5  1.000
                                             M3:        0.6        0.5  0.375
                                             M5:        0.2        0.0  0.000
                                             M7:        5.8       10.5  0.903
timer0/clk_mux/n_0:   preferred: M3 - M4
               108.0     180.7    0.837
                                             M3:        7.2       10.6  0.739
                                             M4:       31.6       38.2  0.604
                                             M5:       69.2      131.9  0.953
afe0/clk_afe:   preferred: M3 - M4
                 5.0       8.4    0.840
                                             M3:        2.4        3.2  0.667
                                             M4:        2.6        5.2  1.000
clk_periph[14]:   preferred: M3 - M4
                58.4      98.2    0.841
                                             M3:       11.2       13.8  0.614
                                             M4:       45.2       81.2  0.899
                                             M5:        2.0        3.2  0.800
CTS_22:   preferred: M3 - M4
                11.2      18.9    0.844
                                             M1:        0.4        0.0  0.000
                                             M2:        0.4        0.4  0.500
                                             M3:        0.4        0.1  0.062
                                             M4:        0.8        0.8  0.531
                                             M5:        9.2       17.6  0.957
npu0/NpuClk:   preferred: M3 - M4
                75.6     127.9    0.846
                                             M1:        0.4        0.0  0.000
                                             M2:        0.6        0.2  0.167
                                             M3:       30.4       46.2  0.761
                                             M4:       30.4       53.9  0.886
                                             M5:       13.8       27.6  1.000
adddec0/CTS_3:   preferred: M3 - M4
                56.2      95.6    0.850
                                             M2:        2.2        2.6  0.602
                                             M3:       10.8       15.9  0.734
                                             M4:        7.8       12.5  0.801
                                             M5:       35.4       64.5  0.912
i2c1/ClkMaster:   preferred: M3 - M4
                54.7      93.1    0.851
                                             M2:        0.1        0.0  0.000
                                             M3:       10.2       15.6  0.766
                                             M4:       24.4       41.5  0.850
                                             M5:        7.8       14.8  0.949
                                             M6:       12.2       21.2  0.869
clk_periph[13]:   preferred: M3 - M4
                87.2     148.6    0.852
                                             M3:        2.2        2.8  0.636
                                             M4:       54.0       94.6  0.876
                                             M5:       15.0       23.2  0.773
                                             M6:       16.0       28.0  0.875
spi1/CTS_6:   preferred: M3 - M4
                 4.2       7.2    0.857
                                             M1:        0.4        0.0  0.000
                                             M2:        0.4        0.4  0.500
                                             M3:        0.2        0.4  1.000
                                             M4:        3.2        6.4  1.000
clk_periph[7]:   preferred: M3 - M4
               222.8     384.2    0.862
                                             M2:        1.0        0.4  0.200
                                             M3:       14.4       18.9  0.657
                                             M4:       79.0      123.1  0.779
                                             M5:      109.0      203.0  0.931
                                             M6:       19.4       38.8  1.000
i2c1/CGMaster/Clk:   preferred: M3 - M4
                23.2      40.2    0.866
                                             M1:        0.4        0.0  0.000
                                             M2:        0.2        0.4  1.000
                                             M3:       15.4       25.7  0.835
                                             M4:        7.2       14.1  0.976
spi0/sck_slave:   preferred: M3 - M4
               113.0     195.7    0.866
                                             M3:        0.4        0.0  0.000
                                             M4:        0.6        0.6  0.500
                                             M5:      112.0      195.1  0.871
i2c0/CGMaster/ClkDivided:   preferred: M3 - M4
                25.8      44.8    0.868
                                             M2:        1.2        0.0  0.000
                                             M3:        1.0        2.0  1.000
                                             M4:       23.6       42.8  0.906
CTS_26:   preferred: M3 - M4
                44.0      76.4    0.868
                                             M2:        1.2        0.2  0.083
                                             M3:        3.8        4.7  0.612
                                             M4:       14.8       27.1  0.914
                                             M5:        5.6        7.5  0.670
                                             M6:       15.2       30.2  0.993
                                             M7:        3.4        6.8  1.000
CTS_21:   preferred: M3 - M4
               236.0     413.7    0.877
                                             M2:        0.2        0.0  0.000
                                             M3:        1.2        2.0  0.833
                                             M4:      122.0      206.3  0.846
                                             M5:      112.6      205.4  0.912
core/CTS_3:   preferred: M3 - M4
               188.0     330.2    0.878
                                             M3:        1.8        1.2  0.333
                                             M4:       12.0       14.2  0.590
                                             M5:      174.2      314.8  0.904
timer0/CTS_2:   preferred: M3 - M4
                 6.4      11.2    0.879
                                             M1:        0.4        0.0  0.000
                                             M2:        1.4        2.0  0.732
                                             M3:        2.4        4.8  1.000
                                             M4:        2.2        4.4  1.000
gpio3/n_146:   preferred: M3 - M4
                20.4      36.0    0.882
                                             M3:        1.4        1.4  0.500
                                             M4:        0.4        0.4  0.500
                                             M5:        8.4       13.8  0.821
                                             M6:       10.2       20.4  1.000
timer0/clock_source:   preferred: M3 - M4
                 6.6      11.7    0.883
                                             M3:        0.2        0.4  1.000
                                             M4:        6.4       11.2  0.879
clk_cpu:   preferred: M3 - M4
               213.0     376.3    0.883
                                             M1:        0.4        0.0  0.000
                                             M2:        3.2        5.6  0.876
                                             M3:       22.2       28.3  0.637
                                             M4:       71.2      137.3  0.964
                                             M5:      116.0      205.0  0.884
smclk:   preferred: M3 - M4
                60.8     107.7    0.885
                                             M2:        0.6        0.5  0.417
                                             M3:        1.6        2.2  0.703
                                             M4:       15.2       27.0  0.888
                                             M5:       43.4       77.9  0.898
CTS_18:   preferred: M3 - M4
                64.0     113.8    0.888
                                             M2:        0.1        0.0  0.000
                                             M3:        2.3        2.9  0.620
                                             M4:        9.4       15.0  0.798
                                             M5:       52.2       95.9  0.919
spi0/CTS_2:   preferred: M3 - M4
                63.4     112.8    0.889
                                             M2:        0.2        0.0  0.000
                                             M3:        1.2        0.0  0.000
                                             M4:        5.2        8.1  0.779
                                             M5:       56.8      104.7  0.921
clk_periph[1]:   preferred: M3 - M4
                67.8     120.8    0.891
                                             M3:       12.4       17.3  0.698
                                             M4:       38.8       71.6  0.922
                                             M5:       16.6       32.0  0.963
CTS_10:   preferred: M3 - M4
                 3.8       6.8    0.895
                                             M2:        0.2        0.2  0.500
                                             M3:        1.8        3.6  1.000
                                             M4:        1.8        3.0  0.833
timer1/clock_mux_output:   preferred: M3 - M4
                36.8      66.0    0.897
                                             M2:        0.4        0.4  0.500
                                             M3:        8.4       10.0  0.597
                                             M4:        4.6        8.8  0.957
                                             M5:       13.6       27.2  1.000
                                             M6:        3.2        6.4  1.000
                                             M7:        6.6       13.2  1.000
uart0/CTS_7:   preferred: M3 - M4
                50.2      90.3    0.899
                                             M1:        0.8        0.6  0.403
                                             M3:        8.2       13.6  0.830
                                             M4:       18.2       30.3  0.832
                                             M5:       23.0       45.7  0.993
system0/CTS_8:   preferred: M3 - M4
                 6.0      10.8    0.900
                                             M3:        0.6        0.0  0.000
                                             M4:        5.4       10.8  1.000
i2c1/CGMaster/CTS_2:   preferred: M3 - M4
                41.5      74.8    0.900
                                             M2:        0.4        0.2  0.321
                                             M3:        0.1        0.0  0.000
                                             M4:        9.2       16.6  0.902
                                             M5:       31.8       57.9  0.910
clk_periph[12]:   preferred: M3 - M4
               896.8    1615.7    0.901
                                             M2:        2.8        1.6  0.286
                                             M3:       43.4       70.2  0.809
                                             M4:      120.4      188.8  0.784
                                             M5:      700.4     1296.5  0.926
                                             M6:       29.8       58.6  0.983
clk_periph[15]:   preferred: M3 - M4
                75.2     135.7    0.902
                                             M2:        0.8        0.8  0.500
                                             M3:       22.4       32.1  0.716
                                             M4:       32.2       63.2  0.981
                                             M5:       19.8       39.6  1.000
CTS_15:   preferred: M3 - M4
               350.8     634.2    0.904
                                             M3:        0.4        0.4  0.500
                                             M4:        9.6       17.9  0.930
                                             M5:      340.8      616.0  0.904
clk_periph[5]:   preferred: M3 - M4
                42.3      76.5    0.905
                                             M2:        0.1        0.2  1.000
                                             M3:        4.4        5.9  0.675
                                             M4:       15.8       29.0  0.918
                                             M5:       12.2       24.4  1.000
                                             M6:        9.8       17.0  0.867
i2c1/CGMaster/CTS_4:   preferred: M3 - M4
                27.3      49.6    0.909
                                             M2:        0.2        0.0  0.000
                                             M3:        3.3        2.0  0.307
                                             M4:       10.2       20.4  1.000
                                             M5:       13.6       27.2  1.000
i2c1/CGMaster/CTS_3:   preferred: M3 - M4
                65.8     120.0    0.912
                                             M2:        0.2        0.2  0.500
                                             M3:        3.8        4.8  0.636
                                             M4:       18.6       31.4  0.845
                                             M5:       43.2       83.5  0.967
core/CTS_5:   preferred: M3 - M4
               470.4     858.3    0.912
                                             M2:        1.2        1.2  0.500
                                             M3:       46.4       74.9  0.807
                                             M4:      108.2      197.5  0.913
                                             M5:      314.6      584.7  0.929
clk_periph[8]:   preferred: M3 - M4
               109.6     200.2    0.913
                                             M2:        0.8        1.6  1.000
                                             M3:       18.0       25.8  0.716
                                             M4:       32.4       61.7  0.952
                                             M5:       58.4      111.1  0.951
CTS_1:   preferred: M3 - M4
               446.8     817.6    0.915
                                             M3:        1.6        3.2  1.000
                                             M4:        4.2        8.4  1.000
                                             M5:      441.0      806.0  0.914
uart0/baud_clk_src:   preferred: M3 - M4
                78.0     143.0    0.917
                                             M1:        0.4        0.0  0.000
                                             M3:        1.6        3.0  0.938
                                             M4:        8.8       17.4  0.989
                                             M5:       23.2       39.0  0.839
                                             M6:       44.0       83.7  0.951
timer0/divider_input:   preferred: M3 - M4
                15.6      28.6    0.917
                                             M1:        0.4        0.0  0.000
                                             M2:        0.2        0.2  0.500
                                             M3:       13.4       25.2  0.940
                                             M4:        1.6        3.2  1.000
clk_periph[9]:   preferred: M3 - M4
               329.2     603.9    0.917
                                             M2:        0.4        0.2  0.250
                                             M3:       62.8       89.9  0.716
                                             M4:      132.0      252.1  0.955
                                             M5:      115.2      226.2  0.982
                                             M6:        5.2        8.3  0.798
                                             M7:       13.6       27.2  1.000
uart1/clk_tx:   preferred: M3 - M4
                16.8      30.8    0.918
                                             M3:        9.4       17.2  0.917
                                             M4:        7.4       13.6  0.919
core/CTS_4:   preferred: M3 - M4
               365.4     670.9    0.918
                                             M1:        0.4        0.0  0.000
                                             M3:       14.6       23.1  0.791
                                             M4:      183.6      332.9  0.906
                                             M5:      166.8      315.0  0.944
adddec0/CTS_4:   preferred: M3 - M4
               591.4    1086.3    0.918
                                             M2:        1.8        1.4  0.398
                                             M3:       22.6       38.0  0.841
                                             M4:      198.0      361.5  0.913
                                             M5:      323.6      605.6  0.936
                                             M6:       45.4       79.8  0.879
afe0/n_304:   preferred: M3 - M4
                11.5      21.2    0.920
                                             M3:        3.1        4.6  0.735
                                             M4:        8.4       16.6  0.988
afe0/adc_fsm/CTS_2:   preferred: M3 - M4
                18.2      33.5    0.922
                                             M3:        5.2        8.4  0.812
                                             M4:       13.0       25.1  0.965
timer0/clk_mux/ClkGated[0]:   preferred: M3 - M4
                72.8     134.3    0.922
                                             M2:        0.4        0.0  0.000
                                             M3:        1.4        2.4  0.857
                                             M4:        7.4       12.8  0.865
                                             M5:       63.6      119.1  0.936
clk_periph[6]:   preferred: M3 - M4
               242.0     446.6    0.923
                                             M1:        0.4        0.0  0.000
                                             M2:        0.8        0.4  0.225
                                             M3:        5.8        7.8  0.672
                                             M4:      116.8      220.6  0.944
                                             M5:      118.2      217.8  0.921
spi0/clk_baud:   preferred: M3 - M4
                85.7     158.4    0.924
                                             M3:        6.7       11.3  0.846
                                             M4:       26.0       48.4  0.931
                                             M5:       53.0       98.7  0.931
clk_periph[3]:   preferred: M3 - M4
                83.8     155.0    0.925
                                             M3:       17.0       25.9  0.762
                                             M4:       28.8       56.2  0.976
                                             M5:       34.0       64.9  0.954
                                             M6:        4.0        8.0  1.000
mclk:   preferred: M3 - M4
               273.3     506.7    0.927
                                             M1:        0.4        0.0  0.000
                                             M2:        1.5        0.0  0.000
                                             M3:        3.2        3.2  0.507
                                             M4:       89.6      177.7  0.992
                                             M5:      178.6      325.7  0.912
CTS_34:   preferred: M3 - M4
               301.6     560.3    0.929
                                             M2:        0.6        0.6  0.500
                                             M3:       23.2       39.1  0.844
                                             M4:      178.0      348.2  0.978
                                             M5:       99.8      172.4  0.864
CTS_2:   preferred: M3 - M4
                15.2      28.3    0.929
                                             M3:       13.2       25.2  0.953
                                             M4:        2.0        3.1  0.775
uart1/CTS_11:   preferred: M3 - M4
                24.1      44.9    0.930
                                             M2:        0.8        0.8  0.500
                                             M3:        0.7        0.7  0.456
                                             M4:       22.6       43.4  0.960
timer0/clock_mux_output:   preferred: M3 - M4
                63.6     118.3    0.930
                                             M3:        0.4        0.4  0.500
                                             M4:       27.0       54.0  1.000
                                             M5:       36.2       63.9  0.882
CTS_23:   preferred: M3 - M4
               383.8     714.2    0.930
                                             M2:      135.4      255.8  0.945
                                             M3:       16.2       15.1  0.466
                                             M4:       10.4       16.1  0.775
                                             M5:      204.6      395.2  0.966
                                             M7:       17.2       31.8  0.925
i2c0/ClkMaster:   preferred: M3 - M4
                47.8      89.1    0.932
                                             M2:        0.2        0.2  0.500
                                             M3:        2.8        3.0  0.529
                                             M4:       24.0       46.8  0.975
                                             M5:       20.8       39.1  0.941
CTS_31:   preferred: M3 - M4
               273.7     513.5    0.938
                                             M2:        0.3        0.0  0.000
                                             M3:        1.6        2.8  0.875
                                             M4:      119.8      232.4  0.970
                                             M5:      152.0      278.4  0.916
timer1/divider_input:   preferred: M3 - M4
                12.4      23.3    0.939
                                             M3:        1.8        3.6  1.000
                                             M4:        4.8        8.1  0.843
                                             M5:        5.8       11.6  1.000
adddec0/CTS_5:   preferred: M3 - M4
               917.0    1723.1    0.940
                                             M2:        0.4        0.8  1.000
                                             M3:        6.6       11.6  0.877
                                             M4:      116.0      224.3  0.967
                                             M5:      660.0     1218.4  0.923
                                             M6:      134.0      268.0  1.000
timer1/clk_mux/ClkGated[0]:   preferred: M3 - M4
                49.2      92.5    0.940
                                             M3:        0.4        0.8  1.000
                                             M4:        0.2        0.2  0.500
                                             M5:       48.6       91.5  0.941
timer1/clk_mux/n_0:   preferred: M3 - M4
                75.4     142.0    0.942
                                             M2:        0.2        0.0  0.113
                                             M3:        0.2        0.2  0.500
                                             M4:       15.0       29.1  0.970
                                             M5:       60.0      112.7  0.939
clk_periph[2]:   preferred: M3 - M4
               117.0     220.4    0.942
                                             M2:        0.2        0.2  0.500
                                             M3:       15.2       20.9  0.688
                                             M4:       56.0      109.3  0.976
                                             M5:       45.6       90.0  0.987
CTS_32:   preferred: M3 - M4
               479.8     906.0    0.944
                                             M3:        2.4        1.8  0.377
                                             M4:      164.2      323.0  0.984
                                             M5:      311.2      579.5  0.931
                                             M6:        2.0        1.8  0.450
CTS_17:   preferred: M3 - M4
               331.6     626.6    0.945
                                             M1:        0.4        0.0  0.000
                                             M2:        0.2        0.4  1.000
                                             M3:       39.6       70.0  0.884
                                             M4:        2.0        4.0  1.000
                                             M5:      131.6      238.8  0.907
                                             M6:      157.8      313.4  0.993
gpio1/CTS_2:   preferred: M3 - M4
               130.0     245.7    0.945
                                             M2:        0.2        0.2  0.500
                                             M4:       26.0       50.0  0.962
                                             M5:      103.8      195.5  0.942
CTS_14:   preferred: M3 - M4
               653.9    1236.2    0.945
                                             M2:        1.7        1.7  0.500
                                             M3:       24.2       36.1  0.746
                                             M4:      232.8      451.9  0.971
                                             M5:      395.2      746.5  0.944
prt2_in[3]:   preferred: M3 - M4
                 7.5      14.2    0.947
                                             M1:        0.4        0.0  0.000
                                             M2:        0.6        1.2  1.000
                                             M3:        0.3        0.6  1.000
                                             M4:        6.2       12.4  1.000
spi1/clk_baud:   preferred: M3 - M4
                65.6     124.2    0.947
                                             M1:        1.0        0.8  0.422
                                             M2:        0.4        0.6  0.750
                                             M3:        3.6        4.5  0.630
                                             M4:       30.0       57.1  0.951
                                             M5:       30.6       61.2  1.000
CTS_4:   preferred: M3 - M4
                13.0      24.6    0.948
                                             M2:        0.2        0.2  0.500
                                             M3:       12.8       24.4  0.955
uart1/clk_baud:   preferred: M3 - M4
                 9.8      18.6    0.949
                                             M1:        0.4        0.0  0.000
                                             M2:        0.2        0.2  0.500
                                             M3:        1.6        3.2  1.000
                                             M4:        7.6       15.2  1.000
uart1/CTS_7:   preferred: M3 - M4
                56.6     107.7    0.951
                                             M1:        0.4        0.0  0.000
                                             M2:        0.2        0.4  1.000
                                             M3:       13.4       22.1  0.825
                                             M4:       30.2       60.4  1.000
                                             M5:       12.4       24.8  1.000
prt1_in[3]:   preferred: M3 - M4
                65.5     124.7    0.952
                                             M1:        0.4        0.0  0.000
                                             M2:        0.7        1.1  0.792
                                             M3:       13.2       25.2  0.956
                                             M4:        3.6        6.2  0.868
                                             M5:       47.6       92.1  0.967
clk_mem[2]:   preferred: M3 - M4
                20.2      38.6    0.956
                                             M3:        4.4        8.8  0.995
                                             M4:       15.8       29.8  0.944
CTS_25:   preferred: M3 - M4
               540.2    1032.6    0.956
                                             M2:        0.4        0.0  0.000
                                             M3:        0.4        0.4  0.500
                                             M4:       45.6       87.1  0.955
                                             M5:      493.8      945.1  0.957
adddec0/clk_neg:   preferred: M3 - M4
                90.0     172.2    0.957
                                             M3:        4.4        8.5  0.966
                                             M4:       24.6       47.6  0.968
                                             M5:       61.0      116.1  0.952
clk_periph[4]:   preferred: M3 - M4
                48.4      93.2    0.962
                                             M3:        2.2        1.2  0.273
                                             M4:       14.6       28.8  0.985
                                             M5:       12.6       25.2  1.000
                                             M6:        7.4       14.8  1.000
                                             M7:       11.6       23.2  1.000
spi1/CTS_2:   preferred: M3 - M4
               175.8     338.6    0.963
                                             M2:        0.4        0.4  0.450
                                             M4:        6.2        9.8  0.787
                                             M5:      169.2      328.5  0.971
CTS_19:   preferred: M3 - M4
               297.6     573.5    0.964
                                             M2:        0.2        0.0  0.000
                                             M3:      137.6      264.7  0.962
                                             M4:      159.8      308.8  0.966
gpio3/n_144:   preferred: M3 - M4
                 5.6      10.8    0.964
                                             M3:        0.2        0.0  0.000
                                             M4:        5.4       10.8  1.000
gpio0/CTS_2:   preferred: M3 - M4
                36.4      70.6    0.970
                                             M1:        0.4        0.0  0.000
                                             M2:        0.4        0.4  0.500
                                             M3:        0.4        0.4  0.500
                                             M4:        3.2        5.8  0.906
                                             M5:       32.0       64.0  1.000
i2c1/CGMaster/n_88:   preferred: M3 - M4
                16.8      32.6    0.970
                                             M3:        0.4        0.8  1.000
                                             M4:       16.4       31.8  0.970
afe0/adc_fsm/fsm/CTS_2:   preferred: M3 - M4
                34.8      67.6    0.971
                                             M2:        0.6        0.0  0.000
                                             M4:        0.8        0.8  0.500
                                             M5:       33.4       66.8  1.000
timer1/clk_mux/ClkGated[1]:   preferred: M3 - M4
                14.2      27.6    0.973
                                             M2:        0.2        0.0  0.000
                                             M3:        2.2        4.0  0.919
                                             M4:       11.8       23.6  1.000
core/CTS_2:   preferred: M3 - M4
                 3.8       7.4    0.974
                                             M2:        0.2        0.4  1.000
                                             M3:        0.2        0.2  0.500
                                             M4:        3.4        6.8  1.000
uart0/CTS_10:   preferred: M3 - M4
                38.4      74.9    0.975
                                             M1:        0.4        0.0  0.000
                                             M3:        1.8        3.6  0.986
                                             M4:       20.0       39.7  0.993
                                             M5:       16.2       31.7  0.977
i2c1/CGMaster/ClkDivided:   preferred: M3 - M4
                 5.0       9.8    0.976
                                             M3:        1.8        3.6  1.000
                                             M4:        3.2        6.2  0.963
npu0/NpuSramCLK:   preferred: M3 - M4
                25.4      50.0    0.984
                                             M3:        1.6        3.2  1.000
                                             M4:       23.8       46.8  0.983
system0/CTS_7:   preferred: M3 - M4
                54.0     107.4    0.994
                                             M3:        2.6        4.6  0.877
                                             M4:       51.4      102.8  1.000
CTS_3:   preferred: M3 - M4
               381.8     761.2    0.997
                                             M1:        0.4        0.0  0.000
                                             M2:        0.2        0.2  0.500
                                             M3:        0.4        0.8  1.000
                                             M4:        2.8        4.2  0.759
                                             M5:      126.0      252.0  1.000
                                             M6:      252.0      504.0  1.000
adddec0/FE_USKN7804_clk_neg:   preferred: M3 - M4
                 0.4       0.8    1.000
                                             M3:        0.4        0.8  1.000
system0/CTS_6:   preferred: M3 - M4
                 4.2       8.4    1.000
                                             M3:        2.4        4.8  1.000
                                             M4:        1.8        3.6  1.000
-------------------------------------------------------------------------------

 Average ratio:                   0.905
                                             M1:          0.2        0.1  0.226
                                             M2:          1.2        1.7  0.722
                                             M3:          6.8       10.2  0.749
                                             M4:         20.1       36.7  0.915
                                             M5:         41.1       76.3  0.928
                                             M6:          4.3        8.3  0.971
                                             M7:          0.3        0.6  0.968


