-------------------------------------------------------------------------------
Name     : Shielded net name
Length   : Shielded net length
Shield   : Total length of shielding wire
Ratio    : Average shielding ratio
-------------------------------------------------------------------------------
Name          Length    Shield    Ratio   
                                         Layer:      Length     Shield  Ratio
-------------------------------------------------------------------------------
uart0/CTS_2:   preferred: M3 - M4
                 0.8       0.0    0.000
                                             M1:        0.8        0.0  0.000
timer1/CTS_4:   preferred: M3 - M4
                 1.2       0.0    0.000
                                             M1:        1.2        0.0  0.000
i2c1/CGMaster/CTS_2:   preferred: M3 - M4
                 1.2       0.0    0.000
                                             M1:        1.2        0.0  0.000
system0/CTS_2:   preferred: M3 - M4
                 1.2       0.0    0.000
                                             M2:        0.2        0.0  0.000
                                             M3:        1.0        0.0  0.000
afe0/n_306:   preferred: M3 - M4
                 4.6       0.2    0.022
                                             M1:        0.4        0.0  0.000
                                             M2:        0.2        0.2  0.500
                                             M3:        4.0        0.0  0.000
uart1/CTS_2:   preferred: M3 - M4
                 1.1       0.1    0.044
                                             M1:        0.5        0.0  0.000
                                             M2:        0.6        0.1  0.083
timer1/CTS_2:   preferred: M3 - M4
                 3.2       0.4    0.064
                                             M1:        0.4        0.0  0.000
                                             M2:        2.0        0.4  0.090
                                             M3:        0.8        0.1  0.031
afe0/n_499:   preferred: M3 - M4
                 4.6       1.2    0.130
                                             M1:        0.4        0.0  0.000
                                             M2:        4.2        1.2  0.143
i2c0/CGMaster/CTS_3:   preferred: M3 - M4
                 0.8       0.2    0.156
                                             M2:        0.8        0.2  0.156
npu0/CTS_2:   preferred: M3 - M4
                 2.4       0.8    0.167
                                             M1:        0.8        0.0  0.000
                                             M2:        0.6        0.0  0.000
                                             M3:        1.0        0.8  0.400
CTS_22:   preferred: M3 - M4
                 1.8       0.6    0.168
                                             M2:        0.6        0.6  0.484
                                             M3:        1.2        0.0  0.000
uart1/CTS_6:   preferred: M3 - M4
                 1.1       0.4    0.182
                                             M2:        0.7        0.0  0.000
                                             M3:        0.4        0.4  0.500
i2c0/CTS_2:   preferred: M3 - M4
                 2.2       0.8    0.192
                                             M1:        0.4        0.0  0.000
                                             M2:        0.6        0.0  0.000
                                             M3:        1.2        0.8  0.352
i2c0/CGMaster/CTS_4:   preferred: M3 - M4
                 2.2       0.8    0.193
                                             M1:        0.4        0.0  0.000
                                             M2:        0.6        0.0  0.000
                                             M3:        1.2        0.8  0.354
afe0/n_308:   preferred: M3 - M4
                 6.8       2.6    0.195
                                             M3:        3.2        1.0  0.156
                                             M4:        1.8        0.0  0.000
                                             M5:        0.8        0.8  0.500
                                             M6:        1.0        0.8  0.425
afe0/n_304:   preferred: M3 - M4
                 7.2       2.9    0.202
                                             M2:        0.1        0.0  0.000
                                             M3:        5.8        1.3  0.111
                                             M4:        1.2        1.6  0.667
uart1/CTS_11:   preferred: M3 - M4
                17.8       7.3    0.206
                                             M1:        0.8        0.4  0.250
                                             M2:        0.2        0.0  0.000
                                             M3:        2.0        2.4  0.611
                                             M4:       14.8        4.5  0.152
uart0/CTS_4:   preferred: M3 - M4
                 1.4       0.6    0.214
                                             M2:        0.2        0.0  0.000
                                             M3:        1.2        0.6  0.250
afe0/n_507:   preferred: M3 - M4
                 3.1       1.4    0.217
                                             M2:        0.1        0.0  0.000
                                             M3:        3.0        1.4  0.225
timer1/clk_mux/n_0:   preferred: M3 - M4
                 5.2       2.3    0.221
                                             M1:        0.4        0.0  0.000
                                             M2:        3.8        2.3  0.302
                                             M3:        1.0        0.0  0.000
afe0/n_303:   preferred: M3 - M4
                 1.8       0.8    0.222
                                             M1:        0.4        0.0  0.000
                                             M2:        0.2        0.0  0.000
                                             M3:        1.2        0.8  0.333
timer0/clock_source:   preferred: M3 - M4
                 6.8       3.8    0.276
                                             M2:        1.2        0.0  0.000
                                             M3:        3.4        2.6  0.375
                                             M4:        2.2        1.2  0.273
afe0/n_310:   preferred: M3 - M4
                 6.2       3.5    0.282
                                             M2:        0.4        0.0  0.000
                                             M3:        1.6        0.0  0.000
                                             M5:        0.2        0.0  0.000
                                             M6:        4.0        3.5  0.438
i2c1/CGMaster/n_88:   preferred: M3 - M4
                 5.8       3.8    0.328
                                             M2:        3.2        2.6  0.406
                                             M3:        2.6        1.2  0.231
afe0/n_511:   preferred: M3 - M4
                 2.8       1.9    0.345
                                             M1:        0.4        0.0  0.000
                                             M2:        0.8        0.8  0.500
                                             M3:        1.6        1.1  0.353
i2c1/CGMaster/ClkDivided:   preferred: M3 - M4
                14.4      10.8    0.374
                                             M2:        0.2        0.4  1.000
                                             M3:       14.2       10.4  0.366
uart1/CTS_4:   preferred: M3 - M4
                 1.6       1.2    0.375
                                             M1:        0.4        0.4  0.500
                                             M3:        1.2        0.8  0.333
adddec0/CTS_2:   preferred: M3 - M4
                 1.4       1.1    0.389
                                             M1:        1.4        1.1  0.389
i2c0/CGMaster/n_118:   preferred: M3 - M4
                 7.4       5.8    0.392
                                             M2:        2.2        0.0  0.000
                                             M3:        3.0        3.6  0.600
                                             M4:        2.2        2.2  0.500
adddec0/RC_CG_HIER_INST2/CTS_1:   preferred: M3 - M4
                 4.0       3.2    0.395
                                             M1:        0.4        0.0  0.000
                                             M3:        3.6        3.2  0.439
afe0/n_311:   preferred: M3 - M4
                 7.6       6.0    0.395
                                             M3:        4.4        0.4  0.045
                                             M4:        3.2        5.6  0.877
dtp3_out:   preferred: M3 - M4
                 6.6       5.5    0.410
                                             M2:        0.3        0.0  0.000
                                             M3:        3.0        0.1  0.008
                                             M4:        3.4        5.4  0.794
gpio3/n_148:   preferred: M3 - M4
                 2.3       1.9    0.413
                                             M2:        0.3        0.3  0.500
                                             M3:        2.0        1.6  0.400
i2c1/CGMaster/n_118:   preferred: M3 - M4
                 4.4       3.7    0.420
                                             M2:        3.2        3.1  0.484
                                             M3:        1.2        0.6  0.250
CTS_11:   preferred: M3 - M4
                 3.0       2.7    0.450
                                             M2:        1.4        1.7  0.607
                                             M3:        1.6        1.0  0.312
CTS_4:   preferred: M3 - M4
                 2.8       2.6    0.464
                                             M2:        0.2        0.4  1.000
                                             M3:        2.6        2.2  0.423
CTS_27:   preferred: M3 - M4
                 6.0       5.6    0.470
                                             M1:        0.4        0.0  0.000
                                             M2:        1.2        0.6  0.269
                                             M3:        1.6        1.6  0.500
                                             M4:        2.8        3.4  0.607
saradc0/CTS_2:   preferred: M3 - M4
                 2.8       2.6    0.473
                                             M1:        0.4        0.0  0.000
                                             M2:        1.2        1.4  0.562
                                             M3:        1.2        1.3  0.542
afe0/n_309:   preferred: M3 - M4
                16.1      15.4    0.479
                                             M2:        1.5        1.2  0.417
                                             M3:        1.6        0.0  0.000
                                             M4:        4.4        3.3  0.370
                                             M5:        0.4        0.4  0.500
                                             M6:        8.2       10.5  0.640
gpio3/n_144:   preferred: M3 - M4
                 9.0       8.7    0.481
                                             M2:        0.2        0.0  0.000
                                             M3:        2.6        2.6  0.500
                                             M4:        1.6        0.8  0.266
                                             M5:        0.4        0.0  0.000
                                             M6:        4.2        5.2  0.619
afe0/n_503:   preferred: M3 - M4
                 6.5       6.3    0.490
                                             M2:        2.1        1.4  0.338
                                             M3:        4.4        4.9  0.561
afe0/n_307:   preferred: M3 - M4
                 3.4       3.4    0.494
                                             M3:        1.6        0.0  0.000
                                             M4:        1.8        3.4  0.933
spi0/CTS_10:   preferred: M3 - M4
                 4.6       4.7    0.511
                                             M1:        0.8        0.4  0.250
                                             M2:        0.4        0.4  0.500
                                             M3:        3.4        3.9  0.574
uart0/CTS_6:   preferred: M3 - M4
                 3.1       3.2    0.524
                                             M1:        0.4        0.4  0.500
                                             M2:        0.7        0.1  0.107
                                             M3:        1.0        1.0  0.500
                                             M4:        1.0        1.7  0.850
afe0/adc_fsm/fsm/CTS_2:   preferred: M3 - M4
                 4.6       4.9    0.528
                                             M1:        1.0        0.0  0.000
                                             M2:        0.4        0.2  0.312
                                             M3:        0.2        0.0  0.000
                                             M4:        3.0        4.6  0.768
i2c1/CGMaster/Clk:   preferred: M3 - M4
                24.6      26.6    0.540
                                             M1:        0.6        0.2  0.150
                                             M2:       11.0       10.6  0.482
                                             M3:        3.2        3.4  0.531
                                             M4:        4.6        7.2  0.783
                                             M5:        5.2        5.2  0.500
CTS_33:   preferred: M3 - M4
                 4.8       5.2    0.542
                                             M2:        0.6        0.0  0.000
                                             M3:        0.8        0.0  0.000
                                             M6:        3.4        5.2  0.765
dtp0_out:   preferred: M3 - M4
                 9.3      10.2    0.546
                                             M2:        0.1        0.0  0.000
                                             M3:        1.0        0.8  0.400
                                             M4:        8.2        9.3  0.570
spi1/CTS_4:   preferred: M3 - M4
                 2.0       2.2    0.550
                                             M2:        0.6        0.6  0.500
                                             M3:        1.4        1.6  0.571
adddec0/CTS_3:   preferred: M3 - M4
                 8.0       8.9    0.559
                                             M1:        0.6        0.0  0.000
                                             M2:        0.2        0.4  1.000
                                             M3:        1.2        1.2  0.500
                                             M4:        5.0        6.3  0.634
                                             M5:        1.0        1.0  0.500
timer1/clk_mux/ClkGated[0]:   preferred: M3 - M4
                 4.6       5.2    0.565
                                             M3:        4.6        5.2  0.565
prt1_in[3]:   preferred: M3 - M4
                27.7      31.8    0.575
                                             M1:        0.4        0.0  0.000
                                             M2:        0.9        1.1  0.626
                                             M3:       25.0       29.3  0.586
                                             M4:        1.4        1.4  0.500
dtp2_out:   preferred: M3 - M4
                 9.2      10.8    0.589
                                             M2:        0.8        0.1  0.029
                                             M3:        0.9        0.8  0.444
                                             M4:        7.4        9.9  0.670
uart0/clk_baud:   preferred: M3 - M4
                 9.4      11.4    0.609
                                             M2:        0.6        0.6  0.500
                                             M3:        3.4        3.2  0.476
                                             M4:        5.4        7.6  0.704
timer1/clk_mux/ClkGated[1]:   preferred: M3 - M4
                 2.5       3.1    0.612
                                             M2:        0.1        0.0  0.000
                                             M3:        2.4        3.1  0.635
spi0/CTS_6:   preferred: M3 - M4
                 2.5       3.1    0.614
                                             M2:        1.1        0.8  0.378
                                             M3:        1.4        2.2  0.804
CTS_28:   preferred: M3 - M4
                32.8      40.4    0.617
                                             M2:        1.2        1.6  0.685
                                             M3:        4.2        5.8  0.685
                                             M4:        9.2       16.3  0.886
                                             M5:       18.2       16.7  0.460
timer1/divider_input:   preferred: M3 - M4
                 9.7      12.2    0.628
                                             M2:        0.1        0.0  0.000
                                             M3:        5.0        3.2  0.325
                                             M4:        4.6        9.0  0.974
i2c1/CGMaster/CTS_3:   preferred: M3 - M4
                12.2      15.5    0.633
                                             M1:        0.4        0.0  0.000
                                             M2:        0.6        0.4  0.333
                                             M3:        0.2        0.4  1.000
                                             M4:       11.0       14.7  0.666
system0/CTS_8:   preferred: M3 - M4
                 4.0       5.1    0.638
                                             M2:        0.2        0.2  0.500
                                             M3:        3.8        4.9  0.645
saradc0/n_431_BAR:   preferred: M3 - M4
                 8.4      10.8    0.642
                                             M3:        4.0        4.5  0.549
                                             M4:        4.4        6.4  0.727
dtp1_out:   preferred: M3 - M4
                16.4      21.2    0.647
                                             M3:        0.4        0.0  0.000
                                             M4:        7.8       12.2  0.783
                                             M5:        8.2        9.0  0.549
i2c0/CGMaster/CTS_5:   preferred: M3 - M4
                29.4      38.3    0.652
                                             M1:        0.4        0.0  0.000
                                             M2:        5.4        2.4  0.223
                                             M3:        9.6        9.0  0.469
                                             M4:       14.0       26.9  0.961
system0/CTS_4:   preferred: M3 - M4
                 5.8       7.6    0.652
                                             M1:        0.4        0.4  0.500
                                             M2:        0.4        0.4  0.500
                                             M3:        1.8        3.6  0.989
                                             M4:        3.2        3.2  0.500
spi1/clk_baud_src:   preferred: M3 - M4
                18.8      24.6    0.655
                                             M1:        0.4        0.0  0.000
                                             M2:        1.0        1.2  0.600
                                             M3:        3.2        3.2  0.500
                                             M4:        7.8       13.8  0.887
                                             M5:        6.4        6.4  0.500
timer0/divider_input:   preferred: M3 - M4
                11.6      15.2    0.657
                                             M1:        0.4        0.0  0.000
                                             M3:        7.8       10.1  0.644
                                             M4:        3.4        5.2  0.765
timer0/CTS_2:   preferred: M3 - M4
                10.0      13.2    0.660
                                             M1:        0.8        0.4  0.250
                                             M3:        2.2        1.6  0.364
                                             M4:        7.0       11.2  0.800
timer0/clock_mux_output:   preferred: M3 - M4
                15.8      20.9    0.660
                                             M3:        4.8        7.4  0.771
                                             M4:       11.0       13.5  0.612
timer1/clock_mux_output:   preferred: M3 - M4
                34.2      45.8    0.669
                                             M3:       20.6       28.3  0.686
                                             M4:       13.6       17.5  0.644
timer1/clock_source:   preferred: M3 - M4
                10.6      14.2    0.672
                                             M2:        1.6        2.0  0.625
                                             M3:        9.0       12.2  0.681
system0/CTS_5:   preferred: M3 - M4
                 6.6       9.1    0.689
                                             M2:        0.8        1.0  0.625
                                             M3:        5.8        8.1  0.698
afe0/n_305:   preferred: M3 - M4
                13.6      19.2    0.705
                                             M2:        0.2        0.2  0.500
                                             M4:        2.4        3.0  0.625
                                             M5:        5.0        6.4  0.642
                                             M6:        6.0        9.6  0.797
afe0/adc_fsm/CTS_2:   preferred: M3 - M4
                20.4      28.9    0.709
                                             M1:        0.4        0.0  0.000
                                             M2:        0.4        0.8  1.000
                                             M3:       18.6       27.5  0.739
                                             M4:        1.0        0.6  0.323
uart1/CTS_12:   preferred: M3 - M4
                34.2      48.9    0.716
                                             M1:        0.4        0.0  0.000
                                             M2:        0.6        0.2  0.167
                                             M3:        5.4        9.8  0.912
                                             M4:       27.8       38.9  0.700
uart0/CTS_11:   preferred: M3 - M4
                 5.8       8.4    0.721
                                             M1:        0.4        0.0  0.000
                                             M2:        1.2        1.1  0.458
                                             M3:        1.8        2.9  0.806
                                             M4:        2.4        4.4  0.908
spi1/clk_baud:   preferred: M3 - M4
                70.2     101.8    0.725
                                             M1:        0.4        0.0  0.000
                                             M3:       12.2       20.9  0.856
                                             M4:       44.0       67.2  0.764
                                             M5:       13.6       13.7  0.502
uart0/clk_tx:   preferred: M3 - M4
                23.0      34.0    0.738
                                             M1:        0.4        0.0  0.000
                                             M2:        0.4        0.0  0.000
                                             M3:        6.6        8.0  0.602
                                             M4:       15.6       26.0  0.833
uart0/CTS_12:   preferred: M3 - M4
                16.4      24.4    0.745
                                             M1:        2.0        0.8  0.199
                                             M2:        0.2        0.2  0.500
                                             M3:        4.2        3.4  0.410
                                             M4:        0.6        1.2  1.000
                                             M5:        9.4       18.8  1.000
i2c0/CGMaster/Clk:   preferred: M3 - M4
                 8.4      12.6    0.748
                                             M3:        4.2        5.0  0.590
                                             M4:        4.2        7.6  0.905
spi0/clk_baud_src:   preferred: M3 - M4
                14.4      21.6    0.750
                                             M3:        2.6        1.2  0.231
                                             M4:       11.8       20.4  0.865
i2c1/CGMaster/CTS_4:   preferred: M3 - M4
                 9.0      13.6    0.753
                                             M1:        0.8        0.4  0.250
                                             M2:        2.4        3.4  0.708
                                             M3:        0.8        0.6  0.375
                                             M4:        5.0        9.2  0.916
uart1/clk_baud:   preferred: M3 - M4
                13.2      19.9    0.754
                                             M2:        0.8        0.8  0.500
                                             M3:        0.4        0.4  0.500
                                             M4:        4.0        5.7  0.706
                                             M5:        8.0       13.1  0.816
npu0/CTS_4:   preferred: M3 - M4
                 2.3       3.4    0.755
                                             M2:        0.1        0.0  0.000
                                             M3:        0.6        0.6  0.500
                                             M4:        1.6        2.8  0.889
i2c1/CTS_2:   preferred: M3 - M4
                 2.2       3.3    0.757
                                             M1:        2.2        3.3  0.757
adddec0/clk_neg:   preferred: M3 - M4
               170.4     258.1    0.757
                                             M3:        6.0        6.5  0.538
                                             M4:       84.6      103.0  0.609
                                             M5:       79.8      148.6  0.931
mclk:   preferred: M3 - M4
               174.6     264.8    0.758
                                             M2:        0.4        0.2  0.250
                                             M4:        2.6        4.6  0.885
                                             M5:      105.6      191.0  0.904
                                             M6:       62.2       61.4  0.494
                                             M7:        3.8        7.6  1.000
spi1/sck_slave:   preferred: M3 - M4
                 5.2       7.9    0.759
                                             M2:        0.6        0.6  0.500
                                             M3:        4.6        7.3  0.792
uart1/CTS_8:   preferred: M3 - M4
                 2.4       3.6    0.759
                                             M2:        0.2        0.2  0.500
                                             M3:        2.2        3.4  0.783
system0/CTS_6:   preferred: M3 - M4
                 7.0      10.7    0.761
                                             M3:        7.0       10.7  0.761
i2c0/ClkMaster:   preferred: M3 - M4
                51.9      79.0    0.761
                                             M2:        0.3        0.0  0.000
                                             M3:       25.2       32.7  0.649
                                             M4:       24.0       42.3  0.881
                                             M5:        2.4        4.0  0.833
uart0/CTS_8:   preferred: M3 - M4
                 4.4       6.7    0.761
                                             M2:        1.4        2.2  0.804
                                             M3:        3.0        4.5  0.742
timer1/n_129:   preferred: M3 - M4
                19.6      30.0    0.764
                                             M2:        0.4        0.4  0.500
                                             M3:       19.2       29.6  0.770
gpio3/n_145:   preferred: M3 - M4
                11.0      17.0    0.774
                                             M2:        0.2        0.0  0.000
                                             M3:        5.2        8.1  0.779
                                             M4:        5.6        8.9  0.796
uart0/CTS_10:   preferred: M3 - M4
                 2.6       4.0    0.775
                                             M1:        2.6        4.0  0.775
system0/CTS_7:   preferred: M3 - M4
                38.8      60.4    0.779
                                             M2:        1.2        0.2  0.083
                                             M3:        2.0        1.8  0.440
                                             M4:       16.6       26.2  0.788
                                             M5:       19.0       32.3  0.850
i2c0/CGMaster/ClkDivided:   preferred: M3 - M4
                 6.4      10.1    0.785
                                             M3:        1.6        2.5  0.766
                                             M4:        4.8        7.6  0.792
uart1/CTS_7:   preferred: M3 - M4
                46.8      73.7    0.787
                                             M1:        0.4        0.0  0.000
                                             M2:        7.4        5.6  0.378
                                             M3:       18.0       30.4  0.843
                                             M4:       21.0       37.7  0.898
CTS_2:   preferred: M3 - M4
                37.2      58.6    0.788
                                             M1:        0.8        0.4  0.250
                                             M2:        1.2        0.6  0.250
                                             M3:        7.6        9.6  0.632
                                             M4:       27.6       48.0  0.870
uart0/CTS_7:   preferred: M3 - M4
                53.8      85.1    0.791
                                             M2:        0.4        0.0  0.000
                                             M3:       11.2       12.5  0.558
                                             M4:       30.2       50.1  0.829
                                             M5:       12.0       22.4  0.935
timer0/CTS_4:   preferred: M3 - M4
                 2.4       3.8    0.792
                                             M3:        2.4        3.8  0.792
clk_periph[2]:   preferred: M3 - M4
               114.4     181.2    0.792
                                             M1:        0.4        0.0  0.000
                                             M3:       13.2       21.4  0.812
                                             M4:       49.2       62.5  0.635
                                             M5:       51.6       97.3  0.943
CTS_6:   preferred: M3 - M4
                 2.6       4.1    0.795
                                             M1:        2.6        4.1  0.795
i2c1/ClkMaster:   preferred: M3 - M4
                43.0      68.9    0.801
                                             M2:        0.0        0.0  0.000
                                             M3:       18.8       30.9  0.822
                                             M4:       24.2       38.0  0.785
timer0/n_137:   preferred: M3 - M4
                23.2      37.2    0.803
                                             M2:        0.2        0.0  0.000
                                             M3:        4.2        1.6  0.190
                                             M4:        5.2        8.4  0.812
                                             M5:       13.6       27.2  1.000
adddec0/RC_CG_HIER_INST2/CTS_2:   preferred: M3 - M4
                 4.0       6.5    0.806
                                             M1:        0.4        0.4  0.500
                                             M2:        0.2        0.2  0.500
                                             M3:        2.2        3.8  0.864
                                             M4:        1.2        2.0  0.854
CTS_10:   preferred: M3 - M4
                 9.0      14.6    0.808
                                             M1:        0.4        0.0  0.000
                                             M2:        0.4        0.8  1.000
                                             M3:        3.4        5.2  0.772
                                             M4:        4.8        8.5  0.885
CTS_32:   preferred: M3 - M4
               441.2     715.2    0.811
                                             M3:        7.2        3.2  0.226
                                             M4:       36.2       40.3  0.556
                                             M5:      304.2      548.5  0.902
                                             M6:       93.6      123.2  0.658
clk_periph[10]:   preferred: M3 - M4
                68.7     111.4    0.811
                                             M2:        0.2        0.0  0.000
                                             M3:        6.3        6.4  0.508
                                             M4:       33.4       64.8  0.970
                                             M5:       28.8       40.2  0.698
afe0/CTS_2:   preferred: M3 - M4
                12.6      20.4    0.811
                                             M2:        0.2        0.2  0.500
                                             M3:       11.8       19.4  0.824
                                             M4:        0.6        0.8  0.667
spi0/CTS_8:   preferred: M3 - M4
                 9.2      15.2    0.823
                                             M1:        0.8        0.4  0.250
                                             M2:        0.8        1.0  0.594
                                             M3:        7.6       13.8  0.908
i2c1/CGMaster/CTS_6:   preferred: M3 - M4
                18.6      30.8    0.828
                                             M1:        0.4        0.0  0.000
                                             M3:        2.0        2.0  0.500
                                             M4:        3.8        4.8  0.632
                                             M5:        0.8        0.8  0.500
                                             M6:       11.6       23.2  1.000
afe0/clk_afe:   preferred: M3 - M4
                11.6      19.3    0.832
                                             M2:        3.0        4.8  0.799
                                             M4:        1.4        2.4  0.861
                                             M5:        3.4        4.5  0.662
                                             M6:        3.8        7.6  1.000
CTS_30:   preferred: M3 - M4
                10.4      17.4    0.837
                                             M1:        0.4        0.0  0.000
                                             M2:        0.6        0.4  0.333
                                             M3:        1.4        1.0  0.357
                                             M4:        8.0       16.0  1.000
spi0/CTS_4:   preferred: M3 - M4
                 6.0      10.0    0.837
                                             M2:        0.2        0.0  0.000
                                             M3:        4.8        9.4  0.984
                                             M4:        1.0        0.6  0.300
CTS_16:   preferred: M3 - M4
                36.0      60.3    0.838
                                             M1:        1.4        1.2  0.445
                                             M3:        1.8        0.8  0.222
                                             M5:       32.8       58.3  0.889
clk_periph[4]:   preferred: M3 - M4
                39.8      66.8    0.839
                                             M1:        0.4        0.0  0.000
                                             M3:        9.8       14.5  0.739
                                             M4:       11.2       22.0  0.980
                                             M5:       18.4       30.3  0.823
i2c1/CGMaster/CTS_5:   preferred: M3 - M4
                40.2      67.7    0.842
                                             M1:        0.4        0.0  0.000
                                             M2:        0.6        0.0  0.000
                                             M3:        7.0       11.9  0.850
                                             M4:       32.2       55.8  0.866
CTS_26:   preferred: M3 - M4
               209.9     355.4    0.847
                                             M1:        0.4        0.0  0.000
                                             M2:        1.1        0.4  0.160
                                             M3:        3.4        2.0  0.294
                                             M4:        5.6        8.7  0.772
                                             M5:      189.2      324.2  0.857
                                             M6:       10.2       20.2  0.991
CTS_18:   preferred: M3 - M4
                25.0      42.5    0.850
                                             M1:        0.4        0.0  0.000
                                             M2:        0.2        0.0  0.000
                                             M3:        8.8       13.1  0.741
                                             M4:       15.6       29.4  0.944
i2c0/CGMaster/CTS_2:   preferred: M3 - M4
                 5.2       8.8    0.851
                                             M2:        0.2        0.0  0.000
                                             M4:        1.8        2.6  0.736
                                             M5:        3.2        6.2  0.969
clk_periph[5]:   preferred: M3 - M4
                42.0      71.7    0.853
                                             M1:        0.4        0.0  0.000
                                             M2:        0.6        0.4  0.333
                                             M3:       25.0       39.3  0.786
                                             M4:       16.0       32.0  1.000
clk_periph[8]:   preferred: M3 - M4
                76.6     131.8    0.861
                                             M3:       26.8       34.8  0.649
                                             M4:       17.2       32.6  0.949
                                             M5:       32.6       64.4  0.988
CTS_13:   preferred: M3 - M4
               361.6     623.2    0.862
                                             M3:       31.0       48.5  0.783
                                             M4:      129.2      229.5  0.888
                                             M5:      201.4      345.2  0.857
clk_periph[14]:   preferred: M3 - M4
                75.2     130.8    0.870
                                             M3:        1.8        1.6  0.444
                                             M4:       45.6       83.7  0.918
                                             M5:       27.8       45.5  0.818
clk_periph[7]:   preferred: M3 - M4
               199.2     348.0    0.874
                                             M2:        0.6        0.6  0.500
                                             M3:        9.2        8.8  0.479
                                             M4:      122.0      205.0  0.840
                                             M5:       67.4      133.7  0.991
CTS_31:   preferred: M3 - M4
               434.3     758.8    0.874
                                             M2:        0.3        0.2  0.333
                                             M3:        4.4        5.0  0.569
                                             M4:      104.2      170.5  0.818
                                             M5:      325.4      583.1  0.896
spi1/CTS_8:   preferred: M3 - M4
                 4.8       8.4    0.875
                                             M1:        0.4        0.0  0.000
                                             M2:        0.2        0.0  0.000
                                             M3:        0.8        1.6  1.000
                                             M4:        3.4        6.8  1.000
spi1/CTS_6:   preferred: M3 - M4
                 7.5      13.2    0.876
                                             M2:        0.6        0.3  0.250
                                             M3:        0.3        0.3  0.500
                                             M4:        1.0        1.4  0.680
                                             M5:        5.6       11.2  1.000
clk_periph[0]:   preferred: M3 - M4
               198.0     347.8    0.878
                                             M2:        0.8        0.4  0.219
                                             M3:       32.6       46.8  0.717
                                             M4:       25.8       46.5  0.900
                                             M5:      138.8      254.3  0.916
core/CTS_5:   preferred: M3 - M4
               429.2     759.7    0.885
                                             M2:        1.6        1.2  0.375
                                             M3:       66.6       89.1  0.669
                                             M4:      181.6      332.3  0.915
                                             M5:      138.6      268.0  0.967
                                             M6:       40.8       69.0  0.846
timer0/clk_mux/n_0:   preferred: M3 - M4
               136.6     242.0    0.886
                                             M2:        0.4        0.0  0.000
                                             M3:        7.0       14.0  1.000
                                             M4:       85.2      146.7  0.861
                                             M5:       44.0       81.3  0.924
clk_periph[13]:   preferred: M3 - M4
               120.2     213.0    0.886
                                             M2:        0.6        1.2  1.000
                                             M3:       26.4       42.3  0.801
                                             M4:       55.8       98.4  0.881
                                             M5:       22.2       44.4  1.000
                                             M6:       15.2       26.7  0.878
CTS_25:   preferred: M3 - M4
               303.2     537.9    0.887
                                             M1:        1.2        0.0  0.000
                                             M2:        0.4        0.0  0.000
                                             M3:        0.2        0.2  0.500
                                             M4:       27.0       50.3  0.932
                                             M5:      274.4      487.4  0.888
CTS_21:   preferred: M3 - M4
               195.2     347.8    0.891
                                             M2:        2.2        0.2  0.045
                                             M3:        5.0        9.8  0.980
                                             M4:       20.4       25.8  0.632
                                             M5:      167.6      312.0  0.931
clk_periph[9]:   preferred: M3 - M4
               360.6     642.6    0.891
                                             M2:        4.6        3.6  0.396
                                             M3:       65.6      101.6  0.774
                                             M4:      140.2      252.6  0.901
                                             M5:      146.4      278.2  0.950
                                             M6:        3.8        6.6  0.868
npu0/NpuSramCLK:   preferred: M3 - M4
                50.0      89.1    0.891
                                             M3:       13.8       16.7  0.606
                                             M4:       36.2       72.4  1.000
npu0/CTS_5:   preferred: M3 - M4
                91.2     162.8    0.892
                                             M2:        1.2        2.0  0.817
                                             M3:        8.6       12.8  0.744
                                             M4:       12.6       16.1  0.640
                                             M5:       68.8      131.9  0.959
spi0/sck_slave:   preferred: M3 - M4
                11.4      20.4    0.894
                                             M2:        0.6        0.8  0.704
                                             M3:       10.8       19.5  0.905
clk_periph[15]:   preferred: M3 - M4
                93.8     168.7    0.899
                                             M3:       20.4       32.8  0.803
                                             M4:       45.6       83.5  0.916
                                             M5:       27.8       52.4  0.942
spi0/ClkFlash:   preferred: M3 - M4
                21.0      37.8    0.900
                                             M3:        8.0       12.6  0.787
                                             M4:       13.0       25.2  0.969
spi0/CTS_2:   preferred: M3 - M4
               208.8     376.4    0.901
                                             M3:       25.6       39.9  0.779
                                             M4:       24.0       46.0  0.959
                                             M5:      159.2      290.5  0.912
timer0/clk_mux/ClkGated[1]:   preferred: M3 - M4
                12.4      22.4    0.903
                                             M3:       12.4       22.4  0.903
uart1/baud_clk_src:   preferred: M3 - M4
                37.4      67.7    0.904
                                             M1:        0.4        0.0  0.000
                                             M2:        0.2        0.2  0.500
                                             M3:        5.6        8.1  0.719
                                             M4:       15.2       28.2  0.928
                                             M5:       16.0       31.2  0.975
clk_periph[3]:   preferred: M3 - M4
                55.8     100.9    0.904
                                             M1:        0.4        0.0  0.000
                                             M2:        0.4        0.0  0.000
                                             M3:        1.6        1.4  0.438
                                             M4:       28.8       51.9  0.902
                                             M5:       24.6       47.6  0.967
npu0/NpuClk:   preferred: M3 - M4
                73.6     133.2    0.905
                                             M2:        1.0        0.6  0.300
                                             M3:        8.8       13.9  0.789
                                             M4:       18.2       33.6  0.924
                                             M5:       38.4       70.7  0.920
                                             M6:        7.2       14.4  1.000
clk_periph[12]:   preferred: M3 - M4
               885.6    1602.5    0.905
                                             M2:        1.2        1.4  0.583
                                             M3:       72.8      107.0  0.735
                                             M4:      142.2      250.4  0.880
                                             M5:      659.2     1223.3  0.928
                                             M6:        5.2       10.4  1.000
                                             M7:        5.0       10.0  1.000
smclk:   preferred: M3 - M4
               184.6     335.0    0.907
                                             M1:        0.6        0.0  0.000
                                             M2:        1.8        0.9  0.253
                                             M3:        3.2        4.2  0.658
                                             M4:       35.2       59.3  0.842
                                             M5:      143.8      270.6  0.941
uart0/baud_clk_src:   preferred: M3 - M4
               150.4     273.9    0.911
                                             M1:        0.4        0.0  0.000
                                             M3:        3.4        5.6  0.824
                                             M4:       91.8      167.0  0.910
                                             M5:       54.8      101.4  0.925
core/CTS_3:   preferred: M3 - M4
               297.8     544.2    0.914
                                             M2:        0.2        0.2  0.500
                                             M3:        2.0        3.2  0.812
                                             M4:       13.0       24.2  0.931
                                             M5:      282.6      516.5  0.914
adddec0/CTS_4:   preferred: M3 - M4
              1326.6    2426.8    0.915
                                             M2:        0.6        0.1  0.125
                                             M3:       16.2       23.4  0.722
                                             M4:      391.0      683.6  0.874
                                             M5:      832.0     1546.0  0.929
                                             M6:       86.8      173.6  1.000
CTS_34:   preferred: M3 - M4
               470.2     860.2    0.915
                                             M2:        1.0        0.0  0.000
                                             M3:        0.2        0.0  0.000
                                             M4:      111.4      213.0  0.956
                                             M5:      357.6      647.2  0.905
core/CTS_4:   preferred: M3 - M4
               332.5     608.6    0.915
                                             M2:        0.3        0.1  0.075
                                             M3:       24.2       36.9  0.762
                                             M4:      148.8      270.8  0.910
                                             M5:      112.8      208.2  0.923
                                             M6:       46.4       92.8  1.000
CTS_15:   preferred: M3 - M4
               289.2     529.7    0.916
                                             M1:        0.4        0.0  0.000
                                             M3:        1.0        0.0  0.000
                                             M4:        0.6        1.2  1.000
                                             M5:      287.2      528.5  0.920
core/CTS_2:   preferred: M3 - M4
                14.2      26.0    0.916
                                             M2:        0.4        0.2  0.250
                                             M3:       12.8       23.8  0.931
                                             M4:        1.0        2.0  1.000
CTS_17:   preferred: M3 - M4
               448.4     822.3    0.917
                                             M2:      151.8      247.6  0.816
                                             M3:      148.6      297.1  0.999
                                             M4:        4.0        6.7  0.838
                                             M5:      144.0      270.9  0.941
CTS_14:   preferred: M3 - M4
               640.4    1176.1    0.918
                                             M2:        0.2        0.2  0.625
                                             M3:       28.4       45.5  0.802
                                             M4:      155.4      288.7  0.929
                                             M5:      456.4      841.7  0.922
CTS_1:   preferred: M3 - M4
               423.2     781.1    0.923
                                             M3:        5.4       10.8  1.000
                                             M4:        0.4        0.8  1.000
                                             M5:      417.4      769.5  0.922
clk_cpu:   preferred: M3 - M4
               290.0     535.7    0.924
                                             M2:        0.8        0.6  0.375
                                             M3:        3.4        4.3  0.628
                                             M4:       33.4       46.8  0.701
                                             M5:      182.4      344.8  0.945
                                             M6:       70.0      139.2  0.994
spi0/clk_baud:   preferred: M3 - M4
                55.8     103.6    0.928
                                             M2:        0.2        0.2  0.500
                                             M3:       26.8       48.8  0.910
                                             M4:       28.8       54.6  0.948
uart1/RC_CG_HIER_INST307/CTS_1:   preferred: M3 - M4
                15.4      28.7    0.930
                                             M1:        0.4        0.4  0.500
                                             M3:        3.0        4.2  0.708
                                             M4:       12.0       24.0  1.000
CTS_9:   preferred: M3 - M4
                 8.6      16.1    0.933
                                             M1:        0.4        0.0  0.000
                                             M2:        0.2        0.2  0.500
                                             M3:        0.6        1.1  0.875
                                             M4:        7.4       14.8  1.000
gpio0/CTS_2:   preferred: M3 - M4
                87.2     162.8    0.933
                                             M2:        0.2        0.2  0.500
                                             M4:        1.0        2.0  1.000
                                             M5:       86.0      160.6  0.934
CTS_19:   preferred: M3 - M4
               264.0     493.0    0.934
                                             M1:        0.4        0.0  0.000
                                             M3:       97.2      166.5  0.856
                                             M4:      164.2      324.5  0.988
                                             M5:        2.2        2.0  0.455
clk_periph[6]:   preferred: M3 - M4
               226.8     423.6    0.934
                                             M1:        0.4        0.0  0.000
                                             M2:        2.8        1.6  0.277
                                             M3:       16.8       23.4  0.698
                                             M4:       95.4      187.5  0.983
                                             M5:       96.0      180.3  0.939
                                             M6:       15.4       30.8  1.000
uart1/clk_tx:   preferred: M3 - M4
                29.8      55.8    0.937
                                             M3:        1.6        1.3  0.416
                                             M4:       15.2       30.1  0.988
                                             M5:       13.0       24.4  0.940
CTS_24:   preferred: M3 - M4
                72.2     135.5    0.939
                                             M3:       29.6       53.9  0.910
                                             M4:       42.6       81.7  0.959
uart1/CTS_10:   preferred: M3 - M4
                14.1      26.6    0.944
                                             M2:        0.2        0.0  0.000
                                             M3:        2.5        3.8  0.762
                                             M4:       11.4       22.8  1.000
spi1/CTS_2:   preferred: M3 - M4
               218.6     413.1    0.945
                                             M2:        0.8        0.8  0.461
                                             M3:        0.8        0.8  0.500
                                             M4:       64.0      123.4  0.964
                                             M5:      153.0      288.1  0.942
clk_periph[1]:   preferred: M3 - M4
                82.6     156.3    0.946
                                             M3:        4.0        5.8  0.725
                                             M4:       63.4      120.2  0.948
                                             M5:       15.2       30.4  1.000
CTS_20:   preferred: M3 - M4
                75.0     142.0    0.947
                                             M2:        0.5        0.4  0.392
                                             M3:        0.1        0.1  0.500
                                             M4:       11.0       21.2  0.964
                                             M5:       63.4      120.3  0.949
clk_periph[11]:   preferred: M3 - M4
                38.6      73.9    0.957
                                             M1:        0.6        0.0  0.000
                                             M3:        0.8        0.6  0.375
                                             M4:       35.2       70.4  1.000
                                             M5:        2.0        2.9  0.713
timer0/clk_mux/ClkGated[0]:   preferred: M3 - M4
               113.2     217.3    0.960
                                             M3:        2.0        3.8  0.950
                                             M4:       54.6      106.9  0.978
                                             M5:       56.6      106.7  0.943
i2c0/CGMaster/CTS_6:   preferred: M3 - M4
                31.6      60.8    0.962
                                             M3:       18.0       33.6  0.933
                                             M4:       13.6       27.2  1.000
prt2_in[3]:   preferred: M3 - M4
                10.3      19.9    0.966
                                             M2:        0.6        1.2  1.000
                                             M3:        3.5        6.4  0.920
                                             M4:        6.2       12.2  0.988
gpio3/n_146:   preferred: M3 - M4
                10.5      20.3    0.967
                                             M2:        0.1        0.1  0.500
                                             M4:        0.6        0.6  0.500
                                             M5:        9.8       19.6  1.000
adddec0/CTS_5:   preferred: M3 - M4
               110.8     214.3    0.967
                                             M2:        0.6        0.6  0.500
                                             M3:        0.4        0.8  1.000
                                             M4:        1.0        1.7  0.825
                                             M5:       32.8       63.0  0.961
                                             M6:       76.0      148.2  0.975
gpio1/CTS_2:   preferred: M3 - M4
               484.8     942.0    0.972
                                             M3:        0.4        0.4  0.500
                                             M4:        0.2        0.0  0.000
                                             M5:      212.4      398.0  0.937
                                             M6:      271.8      543.6  1.000
uart0/RC_CG_HIER_INST292/CTS_1:   preferred: M3 - M4
               104.0     202.8    0.975
                                             M3:        1.6        2.9  0.891
                                             M4:       87.0      169.1  0.972
                                             M5:       15.4       30.8  1.000
CTS_23:   preferred: M3 - M4
               343.0     673.3    0.981
                                             M2:        0.4        0.4  0.500
                                             M3:        3.2        6.4  1.000
                                             M4:        1.8        2.7  0.750
                                             M5:      181.8      352.2  0.969
                                             M6:      155.8      311.6  1.000
CTS_7:   preferred: M3 - M4
                14.8      29.4    0.995
                                             M3:        3.2        6.2  0.977
                                             M4:       11.6       23.2  1.000
clk_mem[2]:   preferred: M3 - M4
                22.2      44.2    0.995
                                             M3:        0.2        0.2  0.500
                                             M4:       22.0       44.0  1.000
CTS_3:   preferred: M3 - M4
               599.6    1196.0    0.997
                                             M3:        0.8        1.6  1.000
                                             M4:        3.8        7.6  1.000
                                             M5:      307.0      610.8  0.995
                                             M6:      288.0      576.0  1.000
i2c0/CGMaster/n_88:   preferred: M3 - M4
                 5.6      11.2    1.000
                                             M3:        2.0        4.0  1.000
                                             M4:        3.6        7.2  1.000
-------------------------------------------------------------------------------

 Average ratio:                   0.886
                                             M1:          0.2        0.1  0.219
                                             M2:          1.5        1.8  0.615
                                             M3:          8.0       11.9  0.742
                                             M4:         20.8       36.5  0.879
                                             M5:         44.0       81.0  0.921
                                             M6:          7.1       13.2  0.935
                                             M7:          0.0        0.1  1.000


